// Jest Snapshot v1, https://goo.gl/fbAQLP

exports[`Components - <FormField /> Wrapper Snapshot 1`] = `
<DocumentFragment>
  <div
    class="FormField"
  >
    <input
      class="FormFieldInput"
      placeholder="TEST_PLACEHOLDER"
      type="text"
    />
  </div>
</DocumentFragment>
`;
