// Jest Snapshot v1, https://goo.gl/fbAQLP

exports[`Components - <EmptyState /> Wrapper Snapshot 1`] = `
<DocumentFragment>
  <div
    class="EmptyState"
  >
    <figure
      class="EmptyStateFigure"
    >
      <img
        alt="TEST_IMAGE"
      />
    </figure>
    <h1
      class="EmptyStateTitle"
    >
      TEST_TITLE
    </h1>
    <p
      class="EmptyStateDescription"
    />
    <span />
  </div>
</DocumentFragment>
`;
