// Jest Snapshot v1, https://goo.gl/fbAQLP

exports[`Meli - Components - <Example /> Wrapper Snapshot 1`] = `
<Example>
  <p>
    Example
  </p>
</Example>
`;
