// Jest Snapshot v1, https://goo.gl/fbAQLP

exports[`Components - <CardBoard /> Wrapper Snapshot 1`] = `
<DocumentFragment>
  <div
    class="CardBoard"
  >
    <span>
      TEST_CHILDREN
    </span>
  </div>
</DocumentFragment>
`;
