// Jest Snapshot v1, https://goo.gl/fbAQLP

exports[`Components - <Loading /> Wrapper Snapshot 1`] = `
<DocumentFragment>
  <div
    class="Loading"
  >
    <div
      class="LoadingBars"
    >
      <i
        class="LoadingBar"
      />
      <i
        class="LoadingBar"
      />
      <i
        class="LoadingBar"
      />
      <i
        class="LoadingBar"
      />
      <i
        class="LoadingBar"
      />
    </div>
  </div>
</DocumentFragment>
`;
